// Jest Snapshot v1, https://goo.gl/fbAQLP

exports[`TagList should contain labels with tags 1`] = `
<span>
  <a
    className="label label-info"
    href="/test-runs/sampleId/tag-details"
    onClick={[Function]}
  >
    @
    A
  </a>
   
  <a
    className="label label-info"
    href="/test-runs/sampleId/tag-details"
    onClick={[Function]}
  >
    @
    B
  </a>
   
  <a
    className="label label-info"
    href="/test-runs/sampleId/tag-details"
    onClick={[Function]}
  >
    @
    C
  </a>
  
</span>
`;
